// Vitest Snapshot v1, https://vitest.dev/guide/snapshot.html

exports[`runs a net with multiple "or" splits and "or" joins (1) 1`] = `
{
  "conditions": [
    {
      "marking": 0,
      "name": "start",
      "workflowId": "workflow-1",
      "workflowName": "multiple-or-join-2",
    },
    {
      "marking": 0,
      "name": "end",
      "workflowId": "workflow-1",
      "workflowName": "multiple-or-join-2",
    },
    {
      "marking": 0,
      "name": "implicit:A->B",
      "workflowId": "workflow-1",
      "workflowName": "multiple-or-join-2",
    },
    {
      "marking": 0,
      "name": "implicit:A->C",
      "workflowId": "workflow-1",
      "workflowName": "multiple-or-join-2",
    },
    {
      "marking": 0,
      "name": "implicit:B->C",
      "workflowId": "workflow-1",
      "workflowName": "multiple-or-join-2",
    },
    {
      "marking": 0,
      "name": "implicit:B->D",
      "workflowId": "workflow-1",
      "workflowName": "multiple-or-join-2",
    },
    {
      "marking": 0,
      "name": "implicit:C->D",
      "workflowId": "workflow-1",
      "workflowName": "multiple-or-join-2",
    },
  ],
  "tasks": [
    {
      "generation": 0,
      "name": "A",
      "state": "disabled",
      "workflowId": "workflow-1",
      "workflowName": "multiple-or-join-2",
    },
    {
      "generation": 0,
      "name": "B",
      "state": "disabled",
      "workflowId": "workflow-1",
      "workflowName": "multiple-or-join-2",
    },
    {
      "generation": 0,
      "name": "C",
      "state": "disabled",
      "workflowId": "workflow-1",
      "workflowName": "multiple-or-join-2",
    },
    {
      "generation": 0,
      "name": "D",
      "state": "disabled",
      "workflowId": "workflow-1",
      "workflowName": "multiple-or-join-2",
    },
  ],
  "workItems": [],
  "workflows": [
    {
      "context": {
        "isBToCEnabled": true,
      },
      "id": "workflow-1",
      "name": "multiple-or-join-2",
      "parent": null,
      "state": "initialized",
    },
  ],
}
`;

exports[`runs a net with multiple "or" splits and "or" joins (1) 2`] = `
{
  "conditions": [
    {
      "marking": 1,
      "name": "start",
      "workflowId": "workflow-1",
      "workflowName": "multiple-or-join-2",
    },
    {
      "marking": 0,
      "name": "end",
      "workflowId": "workflow-1",
      "workflowName": "multiple-or-join-2",
    },
    {
      "marking": 0,
      "name": "implicit:A->B",
      "workflowId": "workflow-1",
      "workflowName": "multiple-or-join-2",
    },
    {
      "marking": 0,
      "name": "implicit:A->C",
      "workflowId": "workflow-1",
      "workflowName": "multiple-or-join-2",
    },
    {
      "marking": 0,
      "name": "implicit:B->C",
      "workflowId": "workflow-1",
      "workflowName": "multiple-or-join-2",
    },
    {
      "marking": 0,
      "name": "implicit:B->D",
      "workflowId": "workflow-1",
      "workflowName": "multiple-or-join-2",
    },
    {
      "marking": 0,
      "name": "implicit:C->D",
      "workflowId": "workflow-1",
      "workflowName": "multiple-or-join-2",
    },
  ],
  "tasks": [
    {
      "generation": 0,
      "name": "A",
      "state": "enabled",
      "workflowId": "workflow-1",
      "workflowName": "multiple-or-join-2",
    },
    {
      "generation": 0,
      "name": "B",
      "state": "disabled",
      "workflowId": "workflow-1",
      "workflowName": "multiple-or-join-2",
    },
    {
      "generation": 0,
      "name": "C",
      "state": "disabled",
      "workflowId": "workflow-1",
      "workflowName": "multiple-or-join-2",
    },
    {
      "generation": 0,
      "name": "D",
      "state": "disabled",
      "workflowId": "workflow-1",
      "workflowName": "multiple-or-join-2",
    },
  ],
  "workItems": [],
  "workflows": [
    {
      "context": {
        "isBToCEnabled": true,
      },
      "id": "workflow-1",
      "name": "multiple-or-join-2",
      "parent": null,
      "state": "started",
    },
  ],
}
`;

exports[`runs a net with multiple "or" splits and "or" joins (1) 3`] = `
{
  "conditions": [
    {
      "marking": 0,
      "name": "start",
      "workflowId": "workflow-1",
      "workflowName": "multiple-or-join-2",
    },
    {
      "marking": 0,
      "name": "end",
      "workflowId": "workflow-1",
      "workflowName": "multiple-or-join-2",
    },
    {
      "marking": 1,
      "name": "implicit:A->B",
      "workflowId": "workflow-1",
      "workflowName": "multiple-or-join-2",
    },
    {
      "marking": 1,
      "name": "implicit:A->C",
      "workflowId": "workflow-1",
      "workflowName": "multiple-or-join-2",
    },
    {
      "marking": 0,
      "name": "implicit:B->C",
      "workflowId": "workflow-1",
      "workflowName": "multiple-or-join-2",
    },
    {
      "marking": 0,
      "name": "implicit:B->D",
      "workflowId": "workflow-1",
      "workflowName": "multiple-or-join-2",
    },
    {
      "marking": 0,
      "name": "implicit:C->D",
      "workflowId": "workflow-1",
      "workflowName": "multiple-or-join-2",
    },
  ],
  "tasks": [
    {
      "generation": 1,
      "name": "A",
      "state": "completed",
      "workflowId": "workflow-1",
      "workflowName": "multiple-or-join-2",
    },
    {
      "generation": 0,
      "name": "B",
      "state": "enabled",
      "workflowId": "workflow-1",
      "workflowName": "multiple-or-join-2",
    },
    {
      "generation": 0,
      "name": "C",
      "state": "disabled",
      "workflowId": "workflow-1",
      "workflowName": "multiple-or-join-2",
    },
    {
      "generation": 0,
      "name": "D",
      "state": "disabled",
      "workflowId": "workflow-1",
      "workflowName": "multiple-or-join-2",
    },
  ],
  "workItems": [],
  "workflows": [
    {
      "context": {
        "isBToCEnabled": true,
      },
      "id": "workflow-1",
      "name": "multiple-or-join-2",
      "parent": null,
      "state": "started",
    },
  ],
}
`;

exports[`runs a net with multiple "or" splits and "or" joins (1) 4`] = `
{
  "conditions": [
    {
      "marking": 0,
      "name": "start",
      "workflowId": "workflow-1",
      "workflowName": "multiple-or-join-2",
    },
    {
      "marking": 0,
      "name": "end",
      "workflowId": "workflow-1",
      "workflowName": "multiple-or-join-2",
    },
    {
      "marking": 0,
      "name": "implicit:A->B",
      "workflowId": "workflow-1",
      "workflowName": "multiple-or-join-2",
    },
    {
      "marking": 1,
      "name": "implicit:A->C",
      "workflowId": "workflow-1",
      "workflowName": "multiple-or-join-2",
    },
    {
      "marking": 1,
      "name": "implicit:B->C",
      "workflowId": "workflow-1",
      "workflowName": "multiple-or-join-2",
    },
    {
      "marking": 0,
      "name": "implicit:B->D",
      "workflowId": "workflow-1",
      "workflowName": "multiple-or-join-2",
    },
    {
      "marking": 0,
      "name": "implicit:C->D",
      "workflowId": "workflow-1",
      "workflowName": "multiple-or-join-2",
    },
  ],
  "tasks": [
    {
      "generation": 1,
      "name": "A",
      "state": "completed",
      "workflowId": "workflow-1",
      "workflowName": "multiple-or-join-2",
    },
    {
      "generation": 1,
      "name": "B",
      "state": "completed",
      "workflowId": "workflow-1",
      "workflowName": "multiple-or-join-2",
    },
    {
      "generation": 0,
      "name": "C",
      "state": "enabled",
      "workflowId": "workflow-1",
      "workflowName": "multiple-or-join-2",
    },
    {
      "generation": 0,
      "name": "D",
      "state": "disabled",
      "workflowId": "workflow-1",
      "workflowName": "multiple-or-join-2",
    },
  ],
  "workItems": [],
  "workflows": [
    {
      "context": {
        "isBToCEnabled": true,
      },
      "id": "workflow-1",
      "name": "multiple-or-join-2",
      "parent": null,
      "state": "started",
    },
  ],
}
`;

exports[`runs a net with multiple "or" splits and "or" joins (1) 5`] = `
{
  "conditions": [
    {
      "marking": 0,
      "name": "start",
      "workflowId": "workflow-1",
      "workflowName": "multiple-or-join-2",
    },
    {
      "marking": 0,
      "name": "end",
      "workflowId": "workflow-1",
      "workflowName": "multiple-or-join-2",
    },
    {
      "marking": 0,
      "name": "implicit:A->B",
      "workflowId": "workflow-1",
      "workflowName": "multiple-or-join-2",
    },
    {
      "marking": 0,
      "name": "implicit:A->C",
      "workflowId": "workflow-1",
      "workflowName": "multiple-or-join-2",
    },
    {
      "marking": 0,
      "name": "implicit:B->C",
      "workflowId": "workflow-1",
      "workflowName": "multiple-or-join-2",
    },
    {
      "marking": 0,
      "name": "implicit:B->D",
      "workflowId": "workflow-1",
      "workflowName": "multiple-or-join-2",
    },
    {
      "marking": 1,
      "name": "implicit:C->D",
      "workflowId": "workflow-1",
      "workflowName": "multiple-or-join-2",
    },
  ],
  "tasks": [
    {
      "generation": 1,
      "name": "A",
      "state": "completed",
      "workflowId": "workflow-1",
      "workflowName": "multiple-or-join-2",
    },
    {
      "generation": 1,
      "name": "B",
      "state": "completed",
      "workflowId": "workflow-1",
      "workflowName": "multiple-or-join-2",
    },
    {
      "generation": 1,
      "name": "C",
      "state": "completed",
      "workflowId": "workflow-1",
      "workflowName": "multiple-or-join-2",
    },
    {
      "generation": 0,
      "name": "D",
      "state": "enabled",
      "workflowId": "workflow-1",
      "workflowName": "multiple-or-join-2",
    },
  ],
  "workItems": [],
  "workflows": [
    {
      "context": {
        "isBToCEnabled": true,
      },
      "id": "workflow-1",
      "name": "multiple-or-join-2",
      "parent": null,
      "state": "started",
    },
  ],
}
`;

exports[`runs a net with multiple "or" splits and "or" joins (1) 6`] = `
{
  "conditions": [
    {
      "marking": 0,
      "name": "start",
      "workflowId": "workflow-1",
      "workflowName": "multiple-or-join-2",
    },
    {
      "marking": 1,
      "name": "end",
      "workflowId": "workflow-1",
      "workflowName": "multiple-or-join-2",
    },
    {
      "marking": 0,
      "name": "implicit:A->B",
      "workflowId": "workflow-1",
      "workflowName": "multiple-or-join-2",
    },
    {
      "marking": 0,
      "name": "implicit:A->C",
      "workflowId": "workflow-1",
      "workflowName": "multiple-or-join-2",
    },
    {
      "marking": 0,
      "name": "implicit:B->C",
      "workflowId": "workflow-1",
      "workflowName": "multiple-or-join-2",
    },
    {
      "marking": 0,
      "name": "implicit:B->D",
      "workflowId": "workflow-1",
      "workflowName": "multiple-or-join-2",
    },
    {
      "marking": 0,
      "name": "implicit:C->D",
      "workflowId": "workflow-1",
      "workflowName": "multiple-or-join-2",
    },
  ],
  "tasks": [
    {
      "generation": 1,
      "name": "A",
      "state": "completed",
      "workflowId": "workflow-1",
      "workflowName": "multiple-or-join-2",
    },
    {
      "generation": 1,
      "name": "B",
      "state": "completed",
      "workflowId": "workflow-1",
      "workflowName": "multiple-or-join-2",
    },
    {
      "generation": 1,
      "name": "C",
      "state": "completed",
      "workflowId": "workflow-1",
      "workflowName": "multiple-or-join-2",
    },
    {
      "generation": 1,
      "name": "D",
      "state": "completed",
      "workflowId": "workflow-1",
      "workflowName": "multiple-or-join-2",
    },
  ],
  "workItems": [],
  "workflows": [
    {
      "context": {
        "isBToCEnabled": true,
      },
      "id": "workflow-1",
      "name": "multiple-or-join-2",
      "parent": null,
      "state": "completed",
    },
  ],
}
`;

exports[`runs a net with multiple "or" splits and "or" joins (2) 1`] = `
{
  "conditions": [
    {
      "marking": 0,
      "name": "start",
      "workflowId": "workflow-1",
      "workflowName": "multiple-or-join-2",
    },
    {
      "marking": 0,
      "name": "end",
      "workflowId": "workflow-1",
      "workflowName": "multiple-or-join-2",
    },
    {
      "marking": 0,
      "name": "implicit:A->B",
      "workflowId": "workflow-1",
      "workflowName": "multiple-or-join-2",
    },
    {
      "marking": 0,
      "name": "implicit:A->C",
      "workflowId": "workflow-1",
      "workflowName": "multiple-or-join-2",
    },
    {
      "marking": 0,
      "name": "implicit:B->C",
      "workflowId": "workflow-1",
      "workflowName": "multiple-or-join-2",
    },
    {
      "marking": 0,
      "name": "implicit:B->D",
      "workflowId": "workflow-1",
      "workflowName": "multiple-or-join-2",
    },
    {
      "marking": 0,
      "name": "implicit:C->D",
      "workflowId": "workflow-1",
      "workflowName": "multiple-or-join-2",
    },
  ],
  "tasks": [
    {
      "generation": 0,
      "name": "A",
      "state": "disabled",
      "workflowId": "workflow-1",
      "workflowName": "multiple-or-join-2",
    },
    {
      "generation": 0,
      "name": "B",
      "state": "disabled",
      "workflowId": "workflow-1",
      "workflowName": "multiple-or-join-2",
    },
    {
      "generation": 0,
      "name": "C",
      "state": "disabled",
      "workflowId": "workflow-1",
      "workflowName": "multiple-or-join-2",
    },
    {
      "generation": 0,
      "name": "D",
      "state": "disabled",
      "workflowId": "workflow-1",
      "workflowName": "multiple-or-join-2",
    },
  ],
  "workItems": [],
  "workflows": [
    {
      "context": {
        "isBToCEnabled": false,
      },
      "id": "workflow-1",
      "name": "multiple-or-join-2",
      "parent": null,
      "state": "initialized",
    },
  ],
}
`;

exports[`runs a net with multiple "or" splits and "or" joins (2) 2`] = `
{
  "conditions": [
    {
      "marking": 1,
      "name": "start",
      "workflowId": "workflow-1",
      "workflowName": "multiple-or-join-2",
    },
    {
      "marking": 0,
      "name": "end",
      "workflowId": "workflow-1",
      "workflowName": "multiple-or-join-2",
    },
    {
      "marking": 0,
      "name": "implicit:A->B",
      "workflowId": "workflow-1",
      "workflowName": "multiple-or-join-2",
    },
    {
      "marking": 0,
      "name": "implicit:A->C",
      "workflowId": "workflow-1",
      "workflowName": "multiple-or-join-2",
    },
    {
      "marking": 0,
      "name": "implicit:B->C",
      "workflowId": "workflow-1",
      "workflowName": "multiple-or-join-2",
    },
    {
      "marking": 0,
      "name": "implicit:B->D",
      "workflowId": "workflow-1",
      "workflowName": "multiple-or-join-2",
    },
    {
      "marking": 0,
      "name": "implicit:C->D",
      "workflowId": "workflow-1",
      "workflowName": "multiple-or-join-2",
    },
  ],
  "tasks": [
    {
      "generation": 0,
      "name": "A",
      "state": "enabled",
      "workflowId": "workflow-1",
      "workflowName": "multiple-or-join-2",
    },
    {
      "generation": 0,
      "name": "B",
      "state": "disabled",
      "workflowId": "workflow-1",
      "workflowName": "multiple-or-join-2",
    },
    {
      "generation": 0,
      "name": "C",
      "state": "disabled",
      "workflowId": "workflow-1",
      "workflowName": "multiple-or-join-2",
    },
    {
      "generation": 0,
      "name": "D",
      "state": "disabled",
      "workflowId": "workflow-1",
      "workflowName": "multiple-or-join-2",
    },
  ],
  "workItems": [],
  "workflows": [
    {
      "context": {
        "isBToCEnabled": false,
      },
      "id": "workflow-1",
      "name": "multiple-or-join-2",
      "parent": null,
      "state": "started",
    },
  ],
}
`;

exports[`runs a net with multiple "or" splits and "or" joins (2) 3`] = `
{
  "conditions": [
    {
      "marking": 0,
      "name": "start",
      "workflowId": "workflow-1",
      "workflowName": "multiple-or-join-2",
    },
    {
      "marking": 0,
      "name": "end",
      "workflowId": "workflow-1",
      "workflowName": "multiple-or-join-2",
    },
    {
      "marking": 1,
      "name": "implicit:A->B",
      "workflowId": "workflow-1",
      "workflowName": "multiple-or-join-2",
    },
    {
      "marking": 1,
      "name": "implicit:A->C",
      "workflowId": "workflow-1",
      "workflowName": "multiple-or-join-2",
    },
    {
      "marking": 0,
      "name": "implicit:B->C",
      "workflowId": "workflow-1",
      "workflowName": "multiple-or-join-2",
    },
    {
      "marking": 0,
      "name": "implicit:B->D",
      "workflowId": "workflow-1",
      "workflowName": "multiple-or-join-2",
    },
    {
      "marking": 0,
      "name": "implicit:C->D",
      "workflowId": "workflow-1",
      "workflowName": "multiple-or-join-2",
    },
  ],
  "tasks": [
    {
      "generation": 1,
      "name": "A",
      "state": "completed",
      "workflowId": "workflow-1",
      "workflowName": "multiple-or-join-2",
    },
    {
      "generation": 0,
      "name": "B",
      "state": "enabled",
      "workflowId": "workflow-1",
      "workflowName": "multiple-or-join-2",
    },
    {
      "generation": 0,
      "name": "C",
      "state": "disabled",
      "workflowId": "workflow-1",
      "workflowName": "multiple-or-join-2",
    },
    {
      "generation": 0,
      "name": "D",
      "state": "disabled",
      "workflowId": "workflow-1",
      "workflowName": "multiple-or-join-2",
    },
  ],
  "workItems": [],
  "workflows": [
    {
      "context": {
        "isBToCEnabled": false,
      },
      "id": "workflow-1",
      "name": "multiple-or-join-2",
      "parent": null,
      "state": "started",
    },
  ],
}
`;

exports[`runs a net with multiple "or" splits and "or" joins (2) 4`] = `
{
  "conditions": [
    {
      "marking": 0,
      "name": "start",
      "workflowId": "workflow-1",
      "workflowName": "multiple-or-join-2",
    },
    {
      "marking": 0,
      "name": "end",
      "workflowId": "workflow-1",
      "workflowName": "multiple-or-join-2",
    },
    {
      "marking": 0,
      "name": "implicit:A->B",
      "workflowId": "workflow-1",
      "workflowName": "multiple-or-join-2",
    },
    {
      "marking": 1,
      "name": "implicit:A->C",
      "workflowId": "workflow-1",
      "workflowName": "multiple-or-join-2",
    },
    {
      "marking": 0,
      "name": "implicit:B->C",
      "workflowId": "workflow-1",
      "workflowName": "multiple-or-join-2",
    },
    {
      "marking": 1,
      "name": "implicit:B->D",
      "workflowId": "workflow-1",
      "workflowName": "multiple-or-join-2",
    },
    {
      "marking": 0,
      "name": "implicit:C->D",
      "workflowId": "workflow-1",
      "workflowName": "multiple-or-join-2",
    },
  ],
  "tasks": [
    {
      "generation": 1,
      "name": "A",
      "state": "completed",
      "workflowId": "workflow-1",
      "workflowName": "multiple-or-join-2",
    },
    {
      "generation": 1,
      "name": "B",
      "state": "completed",
      "workflowId": "workflow-1",
      "workflowName": "multiple-or-join-2",
    },
    {
      "generation": 0,
      "name": "C",
      "state": "enabled",
      "workflowId": "workflow-1",
      "workflowName": "multiple-or-join-2",
    },
    {
      "generation": 0,
      "name": "D",
      "state": "disabled",
      "workflowId": "workflow-1",
      "workflowName": "multiple-or-join-2",
    },
  ],
  "workItems": [],
  "workflows": [
    {
      "context": {
        "isBToCEnabled": false,
      },
      "id": "workflow-1",
      "name": "multiple-or-join-2",
      "parent": null,
      "state": "started",
    },
  ],
}
`;

exports[`runs a net with multiple "or" splits and "or" joins (2) 5`] = `
{
  "conditions": [
    {
      "marking": 0,
      "name": "start",
      "workflowId": "workflow-1",
      "workflowName": "multiple-or-join-2",
    },
    {
      "marking": 0,
      "name": "end",
      "workflowId": "workflow-1",
      "workflowName": "multiple-or-join-2",
    },
    {
      "marking": 0,
      "name": "implicit:A->B",
      "workflowId": "workflow-1",
      "workflowName": "multiple-or-join-2",
    },
    {
      "marking": 0,
      "name": "implicit:A->C",
      "workflowId": "workflow-1",
      "workflowName": "multiple-or-join-2",
    },
    {
      "marking": 0,
      "name": "implicit:B->C",
      "workflowId": "workflow-1",
      "workflowName": "multiple-or-join-2",
    },
    {
      "marking": 1,
      "name": "implicit:B->D",
      "workflowId": "workflow-1",
      "workflowName": "multiple-or-join-2",
    },
    {
      "marking": 1,
      "name": "implicit:C->D",
      "workflowId": "workflow-1",
      "workflowName": "multiple-or-join-2",
    },
  ],
  "tasks": [
    {
      "generation": 1,
      "name": "A",
      "state": "completed",
      "workflowId": "workflow-1",
      "workflowName": "multiple-or-join-2",
    },
    {
      "generation": 1,
      "name": "B",
      "state": "completed",
      "workflowId": "workflow-1",
      "workflowName": "multiple-or-join-2",
    },
    {
      "generation": 1,
      "name": "C",
      "state": "completed",
      "workflowId": "workflow-1",
      "workflowName": "multiple-or-join-2",
    },
    {
      "generation": 0,
      "name": "D",
      "state": "enabled",
      "workflowId": "workflow-1",
      "workflowName": "multiple-or-join-2",
    },
  ],
  "workItems": [],
  "workflows": [
    {
      "context": {
        "isBToCEnabled": false,
      },
      "id": "workflow-1",
      "name": "multiple-or-join-2",
      "parent": null,
      "state": "started",
    },
  ],
}
`;

exports[`runs a net with multiple "or" splits and "or" joins (2) 6`] = `
{
  "conditions": [
    {
      "marking": 0,
      "name": "start",
      "workflowId": "workflow-1",
      "workflowName": "multiple-or-join-2",
    },
    {
      "marking": 1,
      "name": "end",
      "workflowId": "workflow-1",
      "workflowName": "multiple-or-join-2",
    },
    {
      "marking": 0,
      "name": "implicit:A->B",
      "workflowId": "workflow-1",
      "workflowName": "multiple-or-join-2",
    },
    {
      "marking": 0,
      "name": "implicit:A->C",
      "workflowId": "workflow-1",
      "workflowName": "multiple-or-join-2",
    },
    {
      "marking": 0,
      "name": "implicit:B->C",
      "workflowId": "workflow-1",
      "workflowName": "multiple-or-join-2",
    },
    {
      "marking": 0,
      "name": "implicit:B->D",
      "workflowId": "workflow-1",
      "workflowName": "multiple-or-join-2",
    },
    {
      "marking": 0,
      "name": "implicit:C->D",
      "workflowId": "workflow-1",
      "workflowName": "multiple-or-join-2",
    },
  ],
  "tasks": [
    {
      "generation": 1,
      "name": "A",
      "state": "completed",
      "workflowId": "workflow-1",
      "workflowName": "multiple-or-join-2",
    },
    {
      "generation": 1,
      "name": "B",
      "state": "completed",
      "workflowId": "workflow-1",
      "workflowName": "multiple-or-join-2",
    },
    {
      "generation": 1,
      "name": "C",
      "state": "completed",
      "workflowId": "workflow-1",
      "workflowName": "multiple-or-join-2",
    },
    {
      "generation": 1,
      "name": "D",
      "state": "completed",
      "workflowId": "workflow-1",
      "workflowName": "multiple-or-join-2",
    },
  ],
  "workItems": [],
  "workflows": [
    {
      "context": {
        "isBToCEnabled": false,
      },
      "id": "workflow-1",
      "name": "multiple-or-join-2",
      "parent": null,
      "state": "completed",
    },
  ],
}
`;
