// Vitest Snapshot v1, https://vitest.dev/guide/snapshot.html

exports[`handles series of auto advancing tasks 1`] = `
{
  "conditions": [
    {
      "marking": 0,
      "name": "start",
      "workflowId": "workflow-1",
      "workflowName": "activities",
    },
    {
      "marking": 1,
      "name": "end",
      "workflowId": "workflow-1",
      "workflowName": "activities",
    },
    {
      "marking": 0,
      "name": "implicit:t1->t2",
      "workflowId": "workflow-1",
      "workflowName": "activities",
    },
  ],
  "tasks": [
    {
      "generation": 1,
      "name": "t1",
      "state": "completed",
      "workflowId": "workflow-1",
      "workflowName": "activities",
    },
    {
      "generation": 1,
      "name": "t2",
      "state": "completed",
      "workflowId": "workflow-1",
      "workflowName": "activities",
    },
  ],
  "workItems": [
    {
      "id": "workItem-1",
      "payload": null,
      "state": "completed",
      "taskGeneration": 1,
      "taskName": "t1",
      "workflowId": "workflow-1",
      "workflowName": "activities",
    },
  ],
  "workflows": [
    {
      "context": undefined,
      "id": "workflow-1",
      "name": "activities",
      "parent": null,
      "state": "completed",
    },
  ],
}
`;
